== import attempt 1 at 2026-09-07T04:05:01+00:00 ==
outcome 0x0213816eee5880d29cc1bd9259d61b90e56c0f2473e93f488b972955c5c78310 status=refused reason=not_settled_or_ambiguous
outcome 0x2ae99c11faf758ba97414ff10450b9f66281a6c1224c177384b1f51b4e38e161 status=refused reason=not_settled_or_ambiguous
outcome 0x39e249908db6471fb0b1728fba135fdd4e607e03fabb02c0f8d2758fc0df64c0 status=refused reason=not_settled_or_ambiguous
outcome 0x3c16fd3f5a3e73deb74dd910e4d1240b2022c6a88a29358ea2f656b4e986ab2d status=refused reason=not_settled_or_ambiguous
outcome 0x50a3b9cc3922a6717dfa5a9c3af99cf1cb7906ed9045d4575456a0919a2fda7f status=refused reason=not_settled_or_ambiguous
outcome 0x7df506f0effb8146c9dbf987a751afabe83890d887dc9838e9dc6f0b13d814d0 status=refused reason=not_settled_or_ambiguous
outcome 0xccb8e90599bb683621459d301d8bbfa215c1b77f18c4210bcfcb43e1237ed8aa status=refused reason=not_settled_or_ambiguous
summary imported=0 refused=7
attempt=1 settled_outcome_rows=0
== import attempt 2 at 2026-09-07T04:10:06+00:00 ==
outcome 0x0213816eee5880d29cc1bd9259d61b90e56c0f2473e93f488b972955c5c78310 status=refused reason=not_settled_or_ambiguous
outcome 0x2ae99c11faf758ba97414ff10450b9f66281a6c1224c177384b1f51b4e38e161 status=refused reason=not_settled_or_ambiguous
outcome 0x39e249908db6471fb0b1728fba135fdd4e607e03fabb02c0f8d2758fc0df64c0 status=refused reason=not_settled_or_ambiguous
outcome 0x3c16fd3f5a3e73deb74dd910e4d1240b2022c6a88a29358ea2f656b4e986ab2d status=refused reason=not_settled_or_ambiguous
outcome 0x50a3b9cc3922a6717dfa5a9c3af99cf1cb7906ed9045d4575456a0919a2fda7f status=refused reason=not_settled_or_ambiguous
outcome 0x7df506f0effb8146c9dbf987a751afabe83890d887dc9838e9dc6f0b13d814d0 status=refused reason=not_settled_or_ambiguous
outcome 0xccb8e90599bb683621459d301d8bbfa215c1b77f18c4210bcfcb43e1237ed8aa status=refused reason=not_settled_or_ambiguous
summary imported=0 refused=7
attempt=2 settled_outcome_rows=0
== import attempt 3 at 2026-09-07T04:15:10+00:00 ==
outcome 0x0213816eee5880d29cc1bd9259d61b90e56c0f2473e93f488b972955c5c78310 status=refused reason=not_settled_or_ambiguous
outcome 0x2ae99c11faf758ba97414ff10450b9f66281a6c1224c177384b1f51b4e38e161 status=refused reason=not_settled_or_ambiguous
outcome 0x39e249908db6471fb0b1728fba135fdd4e607e03fabb02c0f8d2758fc0df64c0 status=refused reason=not_settled_or_ambiguous
outcome 0x3c16fd3f5a3e73deb74dd910e4d1240b2022c6a88a29358ea2f656b4e986ab2d status=refused reason=not_settled_or_ambiguous
outcome 0x50a3b9cc3922a6717dfa5a9c3af99cf1cb7906ed9045d4575456a0919a2fda7f status=refused reason=not_settled_or_ambiguous
outcome 0x7df506f0effb8146c9dbf987a751afabe83890d887dc9838e9dc6f0b13d814d0 status=refused reason=not_settled_or_ambiguous
outcome 0xccb8e90599bb683621459d301d8bbfa215c1b77f18c4210bcfcb43e1237ed8aa status=refused reason=not_settled_or_ambiguous
summary imported=0 refused=7
attempt=3 settled_outcome_rows=0
== import attempt 4 at 2026-09-07T04:20:15+00:00 ==
outcome 0x0213816eee5880d29cc1bd9259d61b90e56c0f2473e93f488b972955c5c78310 status=refused reason=not_settled_or_ambiguous
outcome 0x2ae99c11faf758ba97414ff10450b9f66281a6c1224c177384b1f51b4e38e161 status=refused reason=not_settled_or_ambiguous
outcome 0x39e249908db6471fb0b1728fba135fdd4e607e03fabb02c0f8d2758fc0df64c0 status=refused reason=not_settled_or_ambiguous
outcome 0x3c16fd3f5a3e73deb74dd910e4d1240b2022c6a88a29358ea2f656b4e986ab2d status=refused reason=not_settled_or_ambiguous
outcome 0x50a3b9cc3922a6717dfa5a9c3af99cf1cb7906ed9045d4575456a0919a2fda7f status=refused reason=not_settled_or_ambiguous
outcome 0x7df506f0effb8146c9dbf987a751afabe83890d887dc9838e9dc6f0b13d814d0 status=refused reason=not_settled_or_ambiguous
outcome 0xccb8e90599bb683621459d301d8bbfa215c1b77f18c4210bcfcb43e1237ed8aa status=refused reason=not_settled_or_ambiguous
summary imported=0 refused=7
attempt=4 settled_outcome_rows=0
== import attempt 5 at 2026-09-07T04:25:19+00:00 ==
outcome 0x0213816eee5880d29cc1bd9259d61b90e56c0f2473e93f488b972955c5c78310 status=refused reason=not_settled_or_ambiguous
outcome 0x2ae99c11faf758ba97414ff10450b9f66281a6c1224c177384b1f51b4e38e161 status=refused reason=not_settled_or_ambiguous
outcome 0x39e249908db6471fb0b1728fba135fdd4e607e03fabb02c0f8d2758fc0df64c0 status=refused reason=not_settled_or_ambiguous
outcome 0x3c16fd3f5a3e73deb74dd910e4d1240b2022c6a88a29358ea2f656b4e986ab2d status=refused reason=not_settled_or_ambiguous
outcome 0x50a3b9cc3922a6717dfa5a9c3af99cf1cb7906ed9045d4575456a0919a2fda7f status=refused reason=not_settled_or_ambiguous
outcome 0x7df506f0effb8146c9dbf987a751afabe83890d887dc9838e9dc6f0b13d814d0 status=refused reason=not_settled_or_ambiguous
outcome 0xccb8e90599bb683621459d301d8bbfa215c1b77f18c4210bcfcb43e1237ed8aa status=refused reason=not_settled_or_ambiguous
summary imported=0 refused=7
attempt=5 settled_outcome_rows=0
== import attempt 6 at 2026-09-07T04:30:24+00:00 ==
outcome 0x0213816eee5880d29cc1bd9259d61b90e56c0f2473e93f488b972955c5c78310 status=refused reason=not_settled_or_ambiguous
outcome 0x2ae99c11faf758ba97414ff10450b9f66281a6c1224c177384b1f51b4e38e161 status=refused reason=not_settled_or_ambiguous
outcome 0x39e249908db6471fb0b1728fba135fdd4e607e03fabb02c0f8d2758fc0df64c0 status=refused reason=not_settled_or_ambiguous
outcome 0x3c16fd3f5a3e73deb74dd910e4d1240b2022c6a88a29358ea2f656b4e986ab2d status=refused reason=not_settled_or_ambiguous
outcome 0x50a3b9cc3922a6717dfa5a9c3af99cf1cb7906ed9045d4575456a0919a2fda7f status=refused reason=not_settled_or_ambiguous
outcome 0x7df506f0effb8146c9dbf987a751afabe83890d887dc9838e9dc6f0b13d814d0 status=refused reason=not_settled_or_ambiguous
outcome 0xccb8e90599bb683621459d301d8bbfa215c1b77f18c4210bcfcb43e1237ed8aa status=refused reason=not_settled_or_ambiguous
summary imported=0 refused=7
attempt=6 settled_outcome_rows=0
== import attempt 7 at 2026-09-07T04:35:28+00:00 ==
outcome 0x0213816eee5880d29cc1bd9259d61b90e56c0f2473e93f488b972955c5c78310 status=refused reason=not_settled_or_ambiguous
outcome 0x2ae99c11faf758ba97414ff10450b9f66281a6c1224c177384b1f51b4e38e161 status=refused reason=not_settled_or_ambiguous
outcome 0x39e249908db6471fb0b1728fba135fdd4e607e03fabb02c0f8d2758fc0df64c0 status=refused reason=not_settled_or_ambiguous
outcome 0x3c16fd3f5a3e73deb74dd910e4d1240b2022c6a88a29358ea2f656b4e986ab2d status=refused reason=not_settled_or_ambiguous
outcome 0x50a3b9cc3922a6717dfa5a9c3af99cf1cb7906ed9045d4575456a0919a2fda7f status=refused reason=not_settled_or_ambiguous
outcome 0x7df506f0effb8146c9dbf987a751afabe83890d887dc9838e9dc6f0b13d814d0 status=refused reason=not_settled_or_ambiguous
outcome 0xccb8e90599bb683621459d301d8bbfa215c1b77f18c4210bcfcb43e1237ed8aa status=refused reason=not_settled_or_ambiguous
summary imported=0 refused=7
attempt=7 settled_outcome_rows=0
== import attempt 8 at 2026-09-07T04:40:33+00:00 ==
outcome 0x0213816eee5880d29cc1bd9259d61b90e56c0f2473e93f488b972955c5c78310 status=refused reason=not_settled_or_ambiguous
outcome 0x2ae99c11faf758ba97414ff10450b9f66281a6c1224c177384b1f51b4e38e161 status=refused reason=not_settled_or_ambiguous
outcome 0x39e249908db6471fb0b1728fba135fdd4e607e03fabb02c0f8d2758fc0df64c0 status=refused reason=not_settled_or_ambiguous
outcome 0x3c16fd3f5a3e73deb74dd910e4d1240b2022c6a88a29358ea2f656b4e986ab2d status=refused reason=not_settled_or_ambiguous
outcome 0x50a3b9cc3922a6717dfa5a9c3af99cf1cb7906ed9045d4575456a0919a2fda7f status=refused reason=not_settled_or_ambiguous
outcome 0x7df506f0effb8146c9dbf987a751afabe83890d887dc9838e9dc6f0b13d814d0 status=refused reason=not_settled_or_ambiguous
outcome 0xccb8e90599bb683621459d301d8bbfa215c1b77f18c4210bcfcb43e1237ed8aa status=refused reason=not_settled_or_ambiguous
summary imported=0 refused=7
attempt=8 settled_outcome_rows=0
== import attempt 9 at 2026-09-07T04:45:38+00:00 ==
outcome 0x0213816eee5880d29cc1bd9259d61b90e56c0f2473e93f488b972955c5c78310 status=refused reason=not_settled_or_ambiguous
outcome 0x2ae99c11faf758ba97414ff10450b9f66281a6c1224c177384b1f51b4e38e161 status=refused reason=not_settled_or_ambiguous
outcome 0x39e249908db6471fb0b1728fba135fdd4e607e03fabb02c0f8d2758fc0df64c0 status=refused reason=not_settled_or_ambiguous
outcome 0x3c16fd3f5a3e73deb74dd910e4d1240b2022c6a88a29358ea2f656b4e986ab2d status=refused reason=not_settled_or_ambiguous
outcome 0x50a3b9cc3922a6717dfa5a9c3af99cf1cb7906ed9045d4575456a0919a2fda7f status=refused reason=not_settled_or_ambiguous
outcome 0x7df506f0effb8146c9dbf987a751afabe83890d887dc9838e9dc6f0b13d814d0 status=refused reason=not_settled_or_ambiguous
outcome 0xccb8e90599bb683621459d301d8bbfa215c1b77f18c4210bcfcb43e1237ed8aa status=refused reason=not_settled_or_ambiguous
summary imported=0 refused=7
attempt=9 settled_outcome_rows=0
== import attempt 10 at 2026-09-07T04:50:43+00:00 ==
outcome 0x0213816eee5880d29cc1bd9259d61b90e56c0f2473e93f488b972955c5c78310 status=refused reason=not_settled_or_ambiguous
outcome 0x2ae99c11faf758ba97414ff10450b9f66281a6c1224c177384b1f51b4e38e161 status=refused reason=not_settled_or_ambiguous
outcome 0x39e249908db6471fb0b1728fba135fdd4e607e03fabb02c0f8d2758fc0df64c0 status=refused reason=not_settled_or_ambiguous
outcome 0x3c16fd3f5a3e73deb74dd910e4d1240b2022c6a88a29358ea2f656b4e986ab2d status=refused reason=not_settled_or_ambiguous
outcome 0x50a3b9cc3922a6717dfa5a9c3af99cf1cb7906ed9045d4575456a0919a2fda7f status=refused reason=not_settled_or_ambiguous
outcome 0x7df506f0effb8146c9dbf987a751afabe83890d887dc9838e9dc6f0b13d814d0 status=refused reason=not_settled_or_ambiguous
outcome 0xccb8e90599bb683621459d301d8bbfa215c1b77f18c4210bcfcb43e1237ed8aa status=refused reason=not_settled_or_ambiguous
summary imported=0 refused=7
attempt=10 settled_outcome_rows=0
== import attempt 11 at 2026-09-07T04:55:47+00:00 ==
outcome 0x0213816eee5880d29cc1bd9259d61b90e56c0f2473e93f488b972955c5c78310 status=refused reason=not_settled_or_ambiguous
outcome 0x2ae99c11faf758ba97414ff10450b9f66281a6c1224c177384b1f51b4e38e161 status=refused reason=not_settled_or_ambiguous
outcome 0x39e249908db6471fb0b1728fba135fdd4e607e03fabb02c0f8d2758fc0df64c0 status=refused reason=not_settled_or_ambiguous
outcome 0x3c16fd3f5a3e73deb74dd910e4d1240b2022c6a88a29358ea2f656b4e986ab2d status=refused reason=not_settled_or_ambiguous
outcome 0x50a3b9cc3922a6717dfa5a9c3af99cf1cb7906ed9045d4575456a0919a2fda7f status=refused reason=not_settled_or_ambiguous
outcome 0x7df506f0effb8146c9dbf987a751afabe83890d887dc9838e9dc6f0b13d814d0 status=refused reason=not_settled_or_ambiguous
outcome 0xccb8e90599bb683621459d301d8bbfa215c1b77f18c4210bcfcb43e1237ed8aa status=refused reason=not_settled_or_ambiguous
summary imported=0 refused=7
attempt=11 settled_outcome_rows=0
== import attempt 12 at 2026-09-07T05:00:52+00:00 ==
outcome 0x0213816eee5880d29cc1bd9259d61b90e56c0f2473e93f488b972955c5c78310 status=refused reason=not_settled_or_ambiguous
outcome 0x2ae99c11faf758ba97414ff10450b9f66281a6c1224c177384b1f51b4e38e161 status=refused reason=not_settled_or_ambiguous
outcome 0x39e249908db6471fb0b1728fba135fdd4e607e03fabb02c0f8d2758fc0df64c0 status=refused reason=not_settled_or_ambiguous
outcome 0x3c16fd3f5a3e73deb74dd910e4d1240b2022c6a88a29358ea2f656b4e986ab2d status=refused reason=not_settled_or_ambiguous
outcome 0x50a3b9cc3922a6717dfa5a9c3af99cf1cb7906ed9045d4575456a0919a2fda7f status=refused reason=not_settled_or_ambiguous
outcome 0x7df506f0effb8146c9dbf987a751afabe83890d887dc9838e9dc6f0b13d814d0 status=refused reason=not_settled_or_ambiguous
outcome 0xccb8e90599bb683621459d301d8bbfa215c1b77f18c4210bcfcb43e1237ed8aa status=refused reason=not_settled_or_ambiguous
summary imported=0 refused=7
attempt=12 settled_outcome_rows=0
== import attempt 13 at 2026-09-07T05:05:57+00:00 ==
outcome 0x0213816eee5880d29cc1bd9259d61b90e56c0f2473e93f488b972955c5c78310 status=refused reason=not_settled_or_ambiguous
outcome 0x2ae99c11faf758ba97414ff10450b9f66281a6c1224c177384b1f51b4e38e161 status=refused reason=not_settled_or_ambiguous
outcome 0x39e249908db6471fb0b1728fba135fdd4e607e03fabb02c0f8d2758fc0df64c0 status=refused reason=not_settled_or_ambiguous
outcome 0x3c16fd3f5a3e73deb74dd910e4d1240b2022c6a88a29358ea2f656b4e986ab2d status=refused reason=not_settled_or_ambiguous
outcome 0x50a3b9cc3922a6717dfa5a9c3af99cf1cb7906ed9045d4575456a0919a2fda7f status=refused reason=not_settled_or_ambiguous
outcome 0x7df506f0effb8146c9dbf987a751afabe83890d887dc9838e9dc6f0b13d814d0 status=refused reason=not_settled_or_ambiguous
outcome 0xccb8e90599bb683621459d301d8bbfa215c1b77f18c4210bcfcb43e1237ed8aa status=refused reason=not_settled_or_ambiguous
summary imported=0 refused=7
attempt=13 settled_outcome_rows=0
== import attempt 14 at 2026-09-07T05:11:01+00:00 ==
outcome 0x0213816eee5880d29cc1bd9259d61b90e56c0f2473e93f488b972955c5c78310 status=refused reason=not_settled_or_ambiguous
outcome 0x2ae99c11faf758ba97414ff10450b9f66281a6c1224c177384b1f51b4e38e161 status=refused reason=not_settled_or_ambiguous
outcome 0x39e249908db6471fb0b1728fba135fdd4e607e03fabb02c0f8d2758fc0df64c0 status=refused reason=not_settled_or_ambiguous
outcome 0x3c16fd3f5a3e73deb74dd910e4d1240b2022c6a88a29358ea2f656b4e986ab2d status=refused reason=not_settled_or_ambiguous
outcome 0x50a3b9cc3922a6717dfa5a9c3af99cf1cb7906ed9045d4575456a0919a2fda7f status=refused reason=not_settled_or_ambiguous
outcome 0x7df506f0effb8146c9dbf987a751afabe83890d887dc9838e9dc6f0b13d814d0 status=refused reason=not_settled_or_ambiguous
outcome 0xccb8e90599bb683621459d301d8bbfa215c1b77f18c4210bcfcb43e1237ed8aa status=refused reason=not_settled_or_ambiguous
summary imported=0 refused=7
attempt=14 settled_outcome_rows=0
== import attempt 15 at 2026-09-07T05:16:06+00:00 ==
outcome 0x0213816eee5880d29cc1bd9259d61b90e56c0f2473e93f488b972955c5c78310 status=refused reason=not_settled_or_ambiguous
outcome 0x2ae99c11faf758ba97414ff10450b9f66281a6c1224c177384b1f51b4e38e161 status=refused reason=not_settled_or_ambiguous
outcome 0x39e249908db6471fb0b1728fba135fdd4e607e03fabb02c0f8d2758fc0df64c0 status=refused reason=not_settled_or_ambiguous
outcome 0x3c16fd3f5a3e73deb74dd910e4d1240b2022c6a88a29358ea2f656b4e986ab2d status=refused reason=not_settled_or_ambiguous
outcome 0x50a3b9cc3922a6717dfa5a9c3af99cf1cb7906ed9045d4575456a0919a2fda7f status=refused reason=not_settled_or_ambiguous
outcome 0x7df506f0effb8146c9dbf987a751afabe83890d887dc9838e9dc6f0b13d814d0 status=refused reason=not_settled_or_ambiguous
outcome 0xccb8e90599bb683621459d301d8bbfa215c1b77f18c4210bcfcb43e1237ed8aa status=refused reason=not_settled_or_ambiguous
summary imported=0 refused=7
attempt=15 settled_outcome_rows=0
== import attempt 16 at 2026-09-07T05:21:11+00:00 ==
outcome 0x0213816eee5880d29cc1bd9259d61b90e56c0f2473e93f488b972955c5c78310 status=refused reason=not_settled_or_ambiguous
outcome 0x2ae99c11faf758ba97414ff10450b9f66281a6c1224c177384b1f51b4e38e161 status=refused reason=not_settled_or_ambiguous
outcome 0x39e249908db6471fb0b1728fba135fdd4e607e03fabb02c0f8d2758fc0df64c0 status=refused reason=not_settled_or_ambiguous
outcome 0x3c16fd3f5a3e73deb74dd910e4d1240b2022c6a88a29358ea2f656b4e986ab2d status=refused reason=not_settled_or_ambiguous
outcome 0x50a3b9cc3922a6717dfa5a9c3af99cf1cb7906ed9045d4575456a0919a2fda7f status=refused reason=not_settled_or_ambiguous
outcome 0x7df506f0effb8146c9dbf987a751afabe83890d887dc9838e9dc6f0b13d814d0 status=refused reason=not_settled_or_ambiguous
outcome 0xccb8e90599bb683621459d301d8bbfa215c1b77f18c4210bcfcb43e1237ed8aa status=refused reason=not_settled_or_ambiguous
summary imported=0 refused=7
attempt=16 settled_outcome_rows=0
== import attempt 17 at 2026-09-07T05:26:16+00:00 ==
outcome 0x0213816eee5880d29cc1bd9259d61b90e56c0f2473e93f488b972955c5c78310 status=refused reason=not_settled_or_ambiguous
outcome 0x2ae99c11faf758ba97414ff10450b9f66281a6c1224c177384b1f51b4e38e161 status=refused reason=not_settled_or_ambiguous
outcome 0x39e249908db6471fb0b1728fba135fdd4e607e03fabb02c0f8d2758fc0df64c0 status=refused reason=not_settled_or_ambiguous
outcome 0x3c16fd3f5a3e73deb74dd910e4d1240b2022c6a88a29358ea2f656b4e986ab2d status=refused reason=not_settled_or_ambiguous
outcome 0x50a3b9cc3922a6717dfa5a9c3af99cf1cb7906ed9045d4575456a0919a2fda7f status=refused reason=not_settled_or_ambiguous
outcome 0x7df506f0effb8146c9dbf987a751afabe83890d887dc9838e9dc6f0b13d814d0 status=refused reason=not_settled_or_ambiguous
outcome 0xccb8e90599bb683621459d301d8bbfa215c1b77f18c4210bcfcb43e1237ed8aa status=refused reason=not_settled_or_ambiguous
summary imported=0 refused=7
attempt=17 settled_outcome_rows=0
== import attempt 18 at 2026-09-07T05:31:20+00:00 ==
outcome 0x0213816eee5880d29cc1bd9259d61b90e56c0f2473e93f488b972955c5c78310 status=refused reason=not_settled_or_ambiguous
outcome 0x2ae99c11faf758ba97414ff10450b9f66281a6c1224c177384b1f51b4e38e161 status=refused reason=not_settled_or_ambiguous
outcome 0x39e249908db6471fb0b1728fba135fdd4e607e03fabb02c0f8d2758fc0df64c0 status=refused reason=not_settled_or_ambiguous
outcome 0x3c16fd3f5a3e73deb74dd910e4d1240b2022c6a88a29358ea2f656b4e986ab2d status=refused reason=not_settled_or_ambiguous
outcome 0x50a3b9cc3922a6717dfa5a9c3af99cf1cb7906ed9045d4575456a0919a2fda7f status=refused reason=not_settled_or_ambiguous
outcome 0x7df506f0effb8146c9dbf987a751afabe83890d887dc9838e9dc6f0b13d814d0 status=refused reason=not_settled_or_ambiguous
outcome 0xccb8e90599bb683621459d301d8bbfa215c1b77f18c4210bcfcb43e1237ed8aa status=refused reason=not_settled_or_ambiguous
summary imported=0 refused=7
attempt=18 settled_outcome_rows=0
== import attempt 19 at 2026-09-07T05:36:24+00:00 ==
outcome 0x0213816eee5880d29cc1bd9259d61b90e56c0f2473e93f488b972955c5c78310 status=refused reason=not_settled_or_ambiguous
outcome 0x2ae99c11faf758ba97414ff10450b9f66281a6c1224c177384b1f51b4e38e161 status=refused reason=not_settled_or_ambiguous
outcome 0x39e249908db6471fb0b1728fba135fdd4e607e03fabb02c0f8d2758fc0df64c0 status=refused reason=not_settled_or_ambiguous
outcome 0x3c16fd3f5a3e73deb74dd910e4d1240b2022c6a88a29358ea2f656b4e986ab2d status=refused reason=not_settled_or_ambiguous
outcome 0x50a3b9cc3922a6717dfa5a9c3af99cf1cb7906ed9045d4575456a0919a2fda7f status=refused reason=not_settled_or_ambiguous
outcome 0x7df506f0effb8146c9dbf987a751afabe83890d887dc9838e9dc6f0b13d814d0 status=refused reason=not_settled_or_ambiguous
outcome 0xccb8e90599bb683621459d301d8bbfa215c1b77f18c4210bcfcb43e1237ed8aa status=refused reason=not_settled_or_ambiguous
summary imported=0 refused=7
attempt=19 settled_outcome_rows=0
== import attempt 20 at 2026-09-07T05:41:29+00:00 ==
outcome 0x0213816eee5880d29cc1bd9259d61b90e56c0f2473e93f488b972955c5c78310 status=refused reason=not_settled_or_ambiguous
outcome 0x2ae99c11faf758ba97414ff10450b9f66281a6c1224c177384b1f51b4e38e161 status=refused reason=not_settled_or_ambiguous
outcome 0x39e249908db6471fb0b1728fba135fdd4e607e03fabb02c0f8d2758fc0df64c0 status=refused reason=not_settled_or_ambiguous
outcome 0x3c16fd3f5a3e73deb74dd910e4d1240b2022c6a88a29358ea2f656b4e986ab2d status=refused reason=not_settled_or_ambiguous
outcome 0x50a3b9cc3922a6717dfa5a9c3af99cf1cb7906ed9045d4575456a0919a2fda7f status=refused reason=not_settled_or_ambiguous
outcome 0x7df506f0effb8146c9dbf987a751afabe83890d887dc9838e9dc6f0b13d814d0 status=refused reason=not_settled_or_ambiguous
outcome 0xccb8e90599bb683621459d301d8bbfa215c1b77f18c4210bcfcb43e1237ed8aa status=refused reason=not_settled_or_ambiguous
summary imported=0 refused=7
attempt=20 settled_outcome_rows=0
== import attempt 21 at 2026-09-07T05:46:33+00:00 ==
outcome 0x0213816eee5880d29cc1bd9259d61b90e56c0f2473e93f488b972955c5c78310 status=refused reason=not_settled_or_ambiguous
outcome 0x2ae99c11faf758ba97414ff10450b9f66281a6c1224c177384b1f51b4e38e161 status=refused reason=not_settled_or_ambiguous
outcome 0x39e249908db6471fb0b1728fba135fdd4e607e03fabb02c0f8d2758fc0df64c0 status=refused reason=not_settled_or_ambiguous
outcome 0x3c16fd3f5a3e73deb74dd910e4d1240b2022c6a88a29358ea2f656b4e986ab2d status=refused reason=not_settled_or_ambiguous
outcome 0x50a3b9cc3922a6717dfa5a9c3af99cf1cb7906ed9045d4575456a0919a2fda7f status=refused reason=not_settled_or_ambiguous
outcome 0x7df506f0effb8146c9dbf987a751afabe83890d887dc9838e9dc6f0b13d814d0 status=refused reason=not_settled_or_ambiguous
outcome 0xccb8e90599bb683621459d301d8bbfa215c1b77f18c4210bcfcb43e1237ed8aa status=refused reason=not_settled_or_ambiguous
summary imported=0 refused=7
attempt=21 settled_outcome_rows=0
== import attempt 22 at 2026-09-07T05:51:38+00:00 ==
outcome 0x0213816eee5880d29cc1bd9259d61b90e56c0f2473e93f488b972955c5c78310 status=refused reason=not_settled_or_ambiguous
outcome 0x2ae99c11faf758ba97414ff10450b9f66281a6c1224c177384b1f51b4e38e161 status=refused reason=not_settled_or_ambiguous
outcome 0x39e249908db6471fb0b1728fba135fdd4e607e03fabb02c0f8d2758fc0df64c0 status=refused reason=not_settled_or_ambiguous
outcome 0x3c16fd3f5a3e73deb74dd910e4d1240b2022c6a88a29358ea2f656b4e986ab2d status=refused reason=not_settled_or_ambiguous
outcome 0x50a3b9cc3922a6717dfa5a9c3af99cf1cb7906ed9045d4575456a0919a2fda7f status=refused reason=not_settled_or_ambiguous
outcome 0x7df506f0effb8146c9dbf987a751afabe83890d887dc9838e9dc6f0b13d814d0 status=refused reason=not_settled_or_ambiguous
outcome 0xccb8e90599bb683621459d301d8bbfa215c1b77f18c4210bcfcb43e1237ed8aa status=refused reason=not_settled_or_ambiguous
summary imported=0 refused=7
attempt=22 settled_outcome_rows=0
== import attempt 23 at 2026-09-07T05:56:42+00:00 ==
outcome 0x0213816eee5880d29cc1bd9259d61b90e56c0f2473e93f488b972955c5c78310 status=refused reason=not_settled_or_ambiguous
outcome 0x2ae99c11faf758ba97414ff10450b9f66281a6c1224c177384b1f51b4e38e161 status=refused reason=not_settled_or_ambiguous
outcome 0x39e249908db6471fb0b1728fba135fdd4e607e03fabb02c0f8d2758fc0df64c0 status=refused reason=not_settled_or_ambiguous
outcome 0x3c16fd3f5a3e73deb74dd910e4d1240b2022c6a88a29358ea2f656b4e986ab2d status=refused reason=not_settled_or_ambiguous
outcome 0x50a3b9cc3922a6717dfa5a9c3af99cf1cb7906ed9045d4575456a0919a2fda7f status=refused reason=not_settled_or_ambiguous
outcome 0x7df506f0effb8146c9dbf987a751afabe83890d887dc9838e9dc6f0b13d814d0 status=refused reason=not_settled_or_ambiguous
outcome 0xccb8e90599bb683621459d301d8bbfa215c1b77f18c4210bcfcb43e1237ed8aa status=refused reason=not_settled_or_ambiguous
summary imported=0 refused=7
attempt=23 settled_outcome_rows=0
== import attempt 24 at 2026-09-07T06:01:47+00:00 ==
outcome 0x0213816eee5880d29cc1bd9259d61b90e56c0f2473e93f488b972955c5c78310 status=refused reason=not_settled_or_ambiguous
outcome 0x2ae99c11faf758ba97414ff10450b9f66281a6c1224c177384b1f51b4e38e161 status=refused reason=not_settled_or_ambiguous
outcome 0x39e249908db6471fb0b1728fba135fdd4e607e03fabb02c0f8d2758fc0df64c0 status=refused reason=not_settled_or_ambiguous
outcome 0x3c16fd3f5a3e73deb74dd910e4d1240b2022c6a88a29358ea2f656b4e986ab2d status=refused reason=not_settled_or_ambiguous
outcome 0x50a3b9cc3922a6717dfa5a9c3af99cf1cb7906ed9045d4575456a0919a2fda7f status=refused reason=not_settled_or_ambiguous
outcome 0x7df506f0effb8146c9dbf987a751afabe83890d887dc9838e9dc6f0b13d814d0 status=refused reason=not_settled_or_ambiguous
outcome 0xccb8e90599bb683621459d301d8bbfa215c1b77f18c4210bcfcb43e1237ed8aa status=refused reason=not_settled_or_ambiguous
summary imported=0 refused=7
attempt=24 settled_outcome_rows=0
== import attempt 25 at 2026-09-07T06:06:51+00:00 ==
outcome 0x0213816eee5880d29cc1bd9259d61b90e56c0f2473e93f488b972955c5c78310 status=refused reason=not_settled_or_ambiguous
outcome 0x2ae99c11faf758ba97414ff10450b9f66281a6c1224c177384b1f51b4e38e161 status=refused reason=not_settled_or_ambiguous
outcome 0x39e249908db6471fb0b1728fba135fdd4e607e03fabb02c0f8d2758fc0df64c0 status=refused reason=not_settled_or_ambiguous
outcome 0x3c16fd3f5a3e73deb74dd910e4d1240b2022c6a88a29358ea2f656b4e986ab2d status=refused reason=not_settled_or_ambiguous
outcome 0x50a3b9cc3922a6717dfa5a9c3af99cf1cb7906ed9045d4575456a0919a2fda7f status=refused reason=not_settled_or_ambiguous
outcome 0x7df506f0effb8146c9dbf987a751afabe83890d887dc9838e9dc6f0b13d814d0 status=refused reason=not_settled_or_ambiguous
outcome 0xccb8e90599bb683621459d301d8bbfa215c1b77f18c4210bcfcb43e1237ed8aa status=refused reason=not_settled_or_ambiguous
summary imported=0 refused=7
attempt=25 settled_outcome_rows=0
== import attempt 26 at 2026-09-07T06:11:56+00:00 ==
outcome 0x0213816eee5880d29cc1bd9259d61b90e56c0f2473e93f488b972955c5c78310 status=refused reason=not_settled_or_ambiguous
outcome 0x2ae99c11faf758ba97414ff10450b9f66281a6c1224c177384b1f51b4e38e161 status=refused reason=not_settled_or_ambiguous
outcome 0x39e249908db6471fb0b1728fba135fdd4e607e03fabb02c0f8d2758fc0df64c0 status=refused reason=not_settled_or_ambiguous
outcome 0x3c16fd3f5a3e73deb74dd910e4d1240b2022c6a88a29358ea2f656b4e986ab2d status=refused reason=not_settled_or_ambiguous
outcome 0x50a3b9cc3922a6717dfa5a9c3af99cf1cb7906ed9045d4575456a0919a2fda7f status=refused reason=not_settled_or_ambiguous
outcome 0x7df506f0effb8146c9dbf987a751afabe83890d887dc9838e9dc6f0b13d814d0 status=refused reason=not_settled_or_ambiguous
outcome 0xccb8e90599bb683621459d301d8bbfa215c1b77f18c4210bcfcb43e1237ed8aa status=refused reason=not_settled_or_ambiguous
summary imported=0 refused=7
attempt=26 settled_outcome_rows=0
== import attempt 27 at 2026-09-07T06:17:00+00:00 ==
outcome 0x0213816eee5880d29cc1bd9259d61b90e56c0f2473e93f488b972955c5c78310 status=refused reason=not_settled_or_ambiguous
outcome 0x2ae99c11faf758ba97414ff10450b9f66281a6c1224c177384b1f51b4e38e161 status=refused reason=not_settled_or_ambiguous
outcome 0x39e249908db6471fb0b1728fba135fdd4e607e03fabb02c0f8d2758fc0df64c0 status=refused reason=not_settled_or_ambiguous
outcome 0x3c16fd3f5a3e73deb74dd910e4d1240b2022c6a88a29358ea2f656b4e986ab2d status=refused reason=not_settled_or_ambiguous
outcome 0x50a3b9cc3922a6717dfa5a9c3af99cf1cb7906ed9045d4575456a0919a2fda7f status=refused reason=not_settled_or_ambiguous
outcome 0x7df506f0effb8146c9dbf987a751afabe83890d887dc9838e9dc6f0b13d814d0 status=refused reason=not_settled_or_ambiguous
outcome 0xccb8e90599bb683621459d301d8bbfa215c1b77f18c4210bcfcb43e1237ed8aa status=refused reason=not_settled_or_ambiguous
summary imported=0 refused=7
attempt=27 settled_outcome_rows=0
== import attempt 28 at 2026-09-07T06:22:05+00:00 ==
outcome 0x0213816eee5880d29cc1bd9259d61b90e56c0f2473e93f488b972955c5c78310 status=refused reason=not_settled_or_ambiguous
outcome 0x2ae99c11faf758ba97414ff10450b9f66281a6c1224c177384b1f51b4e38e161 status=refused reason=not_settled_or_ambiguous
outcome 0x39e249908db6471fb0b1728fba135fdd4e607e03fabb02c0f8d2758fc0df64c0 status=refused reason=not_settled_or_ambiguous
outcome 0x3c16fd3f5a3e73deb74dd910e4d1240b2022c6a88a29358ea2f656b4e986ab2d status=refused reason=not_settled_or_ambiguous
outcome 0x50a3b9cc3922a6717dfa5a9c3af99cf1cb7906ed9045d4575456a0919a2fda7f status=refused reason=not_settled_or_ambiguous
outcome 0x7df506f0effb8146c9dbf987a751afabe83890d887dc9838e9dc6f0b13d814d0 status=refused reason=not_settled_or_ambiguous
outcome 0xccb8e90599bb683621459d301d8bbfa215c1b77f18c4210bcfcb43e1237ed8aa status=refused reason=not_settled_or_ambiguous
summary imported=0 refused=7
attempt=28 settled_outcome_rows=0
== import attempt 29 at 2026-09-07T06:27:09+00:00 ==
outcome 0x0213816eee5880d29cc1bd9259d61b90e56c0f2473e93f488b972955c5c78310 status=refused reason=not_settled_or_ambiguous
outcome 0x2ae99c11faf758ba97414ff10450b9f66281a6c1224c177384b1f51b4e38e161 status=refused reason=not_settled_or_ambiguous
outcome 0x39e249908db6471fb0b1728fba135fdd4e607e03fabb02c0f8d2758fc0df64c0 status=refused reason=not_settled_or_ambiguous
outcome 0x3c16fd3f5a3e73deb74dd910e4d1240b2022c6a88a29358ea2f656b4e986ab2d status=refused reason=not_settled_or_ambiguous
outcome 0x50a3b9cc3922a6717dfa5a9c3af99cf1cb7906ed9045d4575456a0919a2fda7f status=refused reason=not_settled_or_ambiguous
outcome 0x7df506f0effb8146c9dbf987a751afabe83890d887dc9838e9dc6f0b13d814d0 status=refused reason=not_settled_or_ambiguous
outcome 0xccb8e90599bb683621459d301d8bbfa215c1b77f18c4210bcfcb43e1237ed8aa status=refused reason=not_settled_or_ambiguous
summary imported=0 refused=7
attempt=29 settled_outcome_rows=0
== import attempt 30 at 2026-09-07T06:32:13+00:00 ==
outcome 0x0213816eee5880d29cc1bd9259d61b90e56c0f2473e93f488b972955c5c78310 status=refused reason=not_settled_or_ambiguous
outcome 0x2ae99c11faf758ba97414ff10450b9f66281a6c1224c177384b1f51b4e38e161 status=refused reason=not_settled_or_ambiguous
outcome 0x39e249908db6471fb0b1728fba135fdd4e607e03fabb02c0f8d2758fc0df64c0 status=refused reason=not_settled_or_ambiguous
outcome 0x3c16fd3f5a3e73deb74dd910e4d1240b2022c6a88a29358ea2f656b4e986ab2d status=refused reason=not_settled_or_ambiguous
outcome 0x50a3b9cc3922a6717dfa5a9c3af99cf1cb7906ed9045d4575456a0919a2fda7f status=refused reason=not_settled_or_ambiguous
outcome 0x7df506f0effb8146c9dbf987a751afabe83890d887dc9838e9dc6f0b13d814d0 status=refused reason=not_settled_or_ambiguous
outcome 0xccb8e90599bb683621459d301d8bbfa215c1b77f18c4210bcfcb43e1237ed8aa status=refused reason=not_settled_or_ambiguous
summary imported=0 refused=7
attempt=30 settled_outcome_rows=0
no_verifiable_settlement_after_30_attempts
== import attempt 1 at 2026-09-07T06:34:56+00:00 ==
outcome 0x0213816eee5880d29cc1bd9259d61b90e56c0f2473e93f488b972955c5c78310 status=refused reason=not_settled_or_ambiguous
outcome 0x2ae99c11faf758ba97414ff10450b9f66281a6c1224c177384b1f51b4e38e161 status=refused reason=not_settled_or_ambiguous
outcome 0x39e249908db6471fb0b1728fba135fdd4e607e03fabb02c0f8d2758fc0df64c0 status=refused reason=not_settled_or_ambiguous
outcome 0x3c16fd3f5a3e73deb74dd910e4d1240b2022c6a88a29358ea2f656b4e986ab2d status=refused reason=not_settled_or_ambiguous
outcome 0x50a3b9cc3922a6717dfa5a9c3af99cf1cb7906ed9045d4575456a0919a2fda7f status=refused reason=not_settled_or_ambiguous
outcome 0x7df506f0effb8146c9dbf987a751afabe83890d887dc9838e9dc6f0b13d814d0 status=refused reason=not_settled_or_ambiguous
outcome 0xccb8e90599bb683621459d301d8bbfa215c1b77f18c4210bcfcb43e1237ed8aa status=refused reason=not_settled_or_ambiguous
summary imported=0 refused=7
attempt=1 settled_outcome_rows=0
== import attempt 2 at 2026-09-07T07:04:59+00:00 ==
outcome 0x0213816eee5880d29cc1bd9259d61b90e56c0f2473e93f488b972955c5c78310 status=refused reason=not_settled_or_ambiguous
outcome 0x2ae99c11faf758ba97414ff10450b9f66281a6c1224c177384b1f51b4e38e161 status=refused reason=not_settled_or_ambiguous
outcome 0x39e249908db6471fb0b1728fba135fdd4e607e03fabb02c0f8d2758fc0df64c0 status=refused reason=not_settled_or_ambiguous
outcome 0x3c16fd3f5a3e73deb74dd910e4d1240b2022c6a88a29358ea2f656b4e986ab2d status=refused reason=not_settled_or_ambiguous
outcome 0x50a3b9cc3922a6717dfa5a9c3af99cf1cb7906ed9045d4575456a0919a2fda7f status=refused reason=not_settled_or_ambiguous
outcome 0x7df506f0effb8146c9dbf987a751afabe83890d887dc9838e9dc6f0b13d814d0 status=refused reason=not_settled_or_ambiguous
outcome 0xccb8e90599bb683621459d301d8bbfa215c1b77f18c4210bcfcb43e1237ed8aa status=refused reason=not_settled_or_ambiguous
summary imported=0 refused=7
attempt=2 settled_outcome_rows=0
== import attempt 3 at 2026-09-07T07:35:03+00:00 ==
outcome 0x0213816eee5880d29cc1bd9259d61b90e56c0f2473e93f488b972955c5c78310 status=refused reason=not_settled_or_ambiguous
outcome 0x2ae99c11faf758ba97414ff10450b9f66281a6c1224c177384b1f51b4e38e161 status=refused reason=not_settled_or_ambiguous
outcome 0x39e249908db6471fb0b1728fba135fdd4e607e03fabb02c0f8d2758fc0df64c0 status=refused reason=not_settled_or_ambiguous
outcome 0x3c16fd3f5a3e73deb74dd910e4d1240b2022c6a88a29358ea2f656b4e986ab2d status=refused reason=not_settled_or_ambiguous
outcome 0x50a3b9cc3922a6717dfa5a9c3af99cf1cb7906ed9045d4575456a0919a2fda7f status=refused reason=not_settled_or_ambiguous
outcome 0x7df506f0effb8146c9dbf987a751afabe83890d887dc9838e9dc6f0b13d814d0 status=refused reason=not_settled_or_ambiguous
outcome 0xccb8e90599bb683621459d301d8bbfa215c1b77f18c4210bcfcb43e1237ed8aa status=refused reason=not_settled_or_ambiguous
summary imported=0 refused=7
attempt=3 settled_outcome_rows=0
== import attempt 4 at 2026-09-07T08:05:08+00:00 ==
outcome 0x0213816eee5880d29cc1bd9259d61b90e56c0f2473e93f488b972955c5c78310 status=refused reason=not_settled_or_ambiguous
outcome 0x2ae99c11faf758ba97414ff10450b9f66281a6c1224c177384b1f51b4e38e161 status=refused reason=not_settled_or_ambiguous
outcome 0x39e249908db6471fb0b1728fba135fdd4e607e03fabb02c0f8d2758fc0df64c0 status=refused reason=not_settled_or_ambiguous
outcome 0x3c16fd3f5a3e73deb74dd910e4d1240b2022c6a88a29358ea2f656b4e986ab2d status=refused reason=not_settled_or_ambiguous
outcome 0x50a3b9cc3922a6717dfa5a9c3af99cf1cb7906ed9045d4575456a0919a2fda7f status=refused reason=not_settled_or_ambiguous
outcome 0x7df506f0effb8146c9dbf987a751afabe83890d887dc9838e9dc6f0b13d814d0 status=refused reason=not_settled_or_ambiguous
outcome 0xccb8e90599bb683621459d301d8bbfa215c1b77f18c4210bcfcb43e1237ed8aa status=refused reason=not_settled_or_ambiguous
summary imported=0 refused=7
attempt=4 settled_outcome_rows=0
== import attempt 1 at 2026-09-07T08:36:03+00:00 ==
outcome 0x0213816eee5880d29cc1bd9259d61b90e56c0f2473e93f488b972955c5c78310 status=refused reason=not_settled_or_ambiguous
outcome 0x2ae99c11faf758ba97414ff10450b9f66281a6c1224c177384b1f51b4e38e161 status=refused reason=not_settled_or_ambiguous
outcome 0x39e249908db6471fb0b1728fba135fdd4e607e03fabb02c0f8d2758fc0df64c0 status=refused reason=not_settled_or_ambiguous
outcome 0x3c16fd3f5a3e73deb74dd910e4d1240b2022c6a88a29358ea2f656b4e986ab2d status=refused reason=not_settled_or_ambiguous
outcome 0x50a3b9cc3922a6717dfa5a9c3af99cf1cb7906ed9045d4575456a0919a2fda7f status=refused reason=not_settled_or_ambiguous
outcome 0x7df506f0effb8146c9dbf987a751afabe83890d887dc9838e9dc6f0b13d814d0 status=refused reason=not_settled_or_ambiguous
outcome 0xccb8e90599bb683621459d301d8bbfa215c1b77f18c4210bcfcb43e1237ed8aa status=refused reason=not_settled_or_ambiguous
summary imported=0 refused=7
attempt=1 settled_outcome_rows=0
== import attempt 2 at 2026-09-07T09:06:08+00:00 ==
outcome 0x0213816eee5880d29cc1bd9259d61b90e56c0f2473e93f488b972955c5c78310 status=refused reason=not_settled_or_ambiguous
outcome 0x2ae99c11faf758ba97414ff10450b9f66281a6c1224c177384b1f51b4e38e161 status=refused reason=not_settled_or_ambiguous
outcome 0x39e249908db6471fb0b1728fba135fdd4e607e03fabb02c0f8d2758fc0df64c0 status=refused reason=not_settled_or_ambiguous
outcome 0x3c16fd3f5a3e73deb74dd910e4d1240b2022c6a88a29358ea2f656b4e986ab2d status=refused reason=not_settled_or_ambiguous
outcome 0x50a3b9cc3922a6717dfa5a9c3af99cf1cb7906ed9045d4575456a0919a2fda7f status=refused reason=not_settled_or_ambiguous
outcome 0x7df506f0effb8146c9dbf987a751afabe83890d887dc9838e9dc6f0b13d814d0 status=refused reason=not_settled_or_ambiguous
outcome 0xccb8e90599bb683621459d301d8bbfa215c1b77f18c4210bcfcb43e1237ed8aa status=refused reason=not_settled_or_ambiguous
summary imported=0 refused=7
attempt=2 settled_outcome_rows=0
== import attempt 3 at 2026-09-07T09:36:13+00:00 ==
outcome 0x0213816eee5880d29cc1bd9259d61b90e56c0f2473e93f488b972955c5c78310 status=refused reason=not_settled_or_ambiguous
outcome 0x2ae99c11faf758ba97414ff10450b9f66281a6c1224c177384b1f51b4e38e161 status=refused reason=not_settled_or_ambiguous
outcome 0x39e249908db6471fb0b1728fba135fdd4e607e03fabb02c0f8d2758fc0df64c0 status=refused reason=not_settled_or_ambiguous
outcome 0x3c16fd3f5a3e73deb74dd910e4d1240b2022c6a88a29358ea2f656b4e986ab2d status=refused reason=not_settled_or_ambiguous
outcome 0x50a3b9cc3922a6717dfa5a9c3af99cf1cb7906ed9045d4575456a0919a2fda7f status=refused reason=not_settled_or_ambiguous
outcome 0x7df506f0effb8146c9dbf987a751afabe83890d887dc9838e9dc6f0b13d814d0 status=refused reason=not_settled_or_ambiguous
outcome 0xccb8e90599bb683621459d301d8bbfa215c1b77f18c4210bcfcb43e1237ed8aa status=refused reason=not_settled_or_ambiguous
summary imported=0 refused=7
attempt=3 settled_outcome_rows=0
== import attempt 4 at 2026-09-07T10:06:17+00:00 ==
outcome 0x0213816eee5880d29cc1bd9259d61b90e56c0f2473e93f488b972955c5c78310 status=refused reason=not_settled_or_ambiguous
outcome 0x2ae99c11faf758ba97414ff10450b9f66281a6c1224c177384b1f51b4e38e161 status=refused reason=not_settled_or_ambiguous
outcome 0x39e249908db6471fb0b1728fba135fdd4e607e03fabb02c0f8d2758fc0df64c0 status=refused reason=not_settled_or_ambiguous
outcome 0x3c16fd3f5a3e73deb74dd910e4d1240b2022c6a88a29358ea2f656b4e986ab2d status=refused reason=not_settled_or_ambiguous
outcome 0x50a3b9cc3922a6717dfa5a9c3af99cf1cb7906ed9045d4575456a0919a2fda7f status=refused reason=not_settled_or_ambiguous
outcome 0x7df506f0effb8146c9dbf987a751afabe83890d887dc9838e9dc6f0b13d814d0 status=refused reason=not_settled_or_ambiguous
outcome 0xccb8e90599bb683621459d301d8bbfa215c1b77f18c4210bcfcb43e1237ed8aa status=refused reason=not_settled_or_ambiguous
summary imported=0 refused=7
attempt=4 settled_outcome_rows=0
== import attempt 5 at 2026-09-07T10:36:22+00:00 ==
outcome 0x0213816eee5880d29cc1bd9259d61b90e56c0f2473e93f488b972955c5c78310 status=refused reason=not_settled_or_ambiguous
outcome 0x2ae99c11faf758ba97414ff10450b9f66281a6c1224c177384b1f51b4e38e161 status=refused reason=not_settled_or_ambiguous
outcome 0x39e249908db6471fb0b1728fba135fdd4e607e03fabb02c0f8d2758fc0df64c0 status=refused reason=not_settled_or_ambiguous
outcome 0x3c16fd3f5a3e73deb74dd910e4d1240b2022c6a88a29358ea2f656b4e986ab2d status=refused reason=not_settled_or_ambiguous
outcome 0x50a3b9cc3922a6717dfa5a9c3af99cf1cb7906ed9045d4575456a0919a2fda7f status=refused reason=not_settled_or_ambiguous
outcome 0x7df506f0effb8146c9dbf987a751afabe83890d887dc9838e9dc6f0b13d814d0 status=refused reason=not_settled_or_ambiguous
outcome 0xccb8e90599bb683621459d301d8bbfa215c1b77f18c4210bcfcb43e1237ed8aa status=refused reason=not_settled_or_ambiguous
summary imported=0 refused=7
attempt=5 settled_outcome_rows=0
== import attempt 6 at 2026-09-07T11:06:26+00:00 ==
outcome 0x0213816eee5880d29cc1bd9259d61b90e56c0f2473e93f488b972955c5c78310 status=refused reason=not_settled_or_ambiguous
outcome 0x2ae99c11faf758ba97414ff10450b9f66281a6c1224c177384b1f51b4e38e161 status=refused reason=not_settled_or_ambiguous
outcome 0x39e249908db6471fb0b1728fba135fdd4e607e03fabb02c0f8d2758fc0df64c0 status=refused reason=not_settled_or_ambiguous
outcome 0x3c16fd3f5a3e73deb74dd910e4d1240b2022c6a88a29358ea2f656b4e986ab2d status=refused reason=not_settled_or_ambiguous
outcome 0x50a3b9cc3922a6717dfa5a9c3af99cf1cb7906ed9045d4575456a0919a2fda7f status=refused reason=not_settled_or_ambiguous
outcome 0x7df506f0effb8146c9dbf987a751afabe83890d887dc9838e9dc6f0b13d814d0 status=refused reason=not_settled_or_ambiguous
outcome 0xccb8e90599bb683621459d301d8bbfa215c1b77f18c4210bcfcb43e1237ed8aa status=refused reason=not_settled_or_ambiguous
summary imported=0 refused=7
attempt=6 settled_outcome_rows=0
== import attempt 7 at 2026-09-07T11:36:30+00:00 ==
outcome 0x0213816eee5880d29cc1bd9259d61b90e56c0f2473e93f488b972955c5c78310 status=refused reason=not_settled_or_ambiguous
outcome 0x2ae99c11faf758ba97414ff10450b9f66281a6c1224c177384b1f51b4e38e161 status=refused reason=not_settled_or_ambiguous
outcome 0x39e249908db6471fb0b1728fba135fdd4e607e03fabb02c0f8d2758fc0df64c0 status=refused reason=not_settled_or_ambiguous
outcome 0x3c16fd3f5a3e73deb74dd910e4d1240b2022c6a88a29358ea2f656b4e986ab2d status=refused reason=not_settled_or_ambiguous
outcome 0x50a3b9cc3922a6717dfa5a9c3af99cf1cb7906ed9045d4575456a0919a2fda7f status=refused reason=not_settled_or_ambiguous
outcome 0x7df506f0effb8146c9dbf987a751afabe83890d887dc9838e9dc6f0b13d814d0 status=refused reason=not_settled_or_ambiguous
outcome 0xccb8e90599bb683621459d301d8bbfa215c1b77f18c4210bcfcb43e1237ed8aa status=refused reason=not_settled_or_ambiguous
summary imported=0 refused=7
attempt=7 settled_outcome_rows=0
== import attempt 8 at 2026-09-07T12:06:35+00:00 ==
outcome 0x0213816eee5880d29cc1bd9259d61b90e56c0f2473e93f488b972955c5c78310 status=refused reason=not_settled_or_ambiguous
outcome 0x2ae99c11faf758ba97414ff10450b9f66281a6c1224c177384b1f51b4e38e161 status=refused reason=not_settled_or_ambiguous
outcome 0x39e249908db6471fb0b1728fba135fdd4e607e03fabb02c0f8d2758fc0df64c0 status=refused reason=not_settled_or_ambiguous
outcome 0x3c16fd3f5a3e73deb74dd910e4d1240b2022c6a88a29358ea2f656b4e986ab2d status=refused reason=not_settled_or_ambiguous
outcome 0x50a3b9cc3922a6717dfa5a9c3af99cf1cb7906ed9045d4575456a0919a2fda7f status=refused reason=not_settled_or_ambiguous
outcome 0x7df506f0effb8146c9dbf987a751afabe83890d887dc9838e9dc6f0b13d814d0 status=refused reason=not_settled_or_ambiguous
outcome 0xccb8e90599bb683621459d301d8bbfa215c1b77f18c4210bcfcb43e1237ed8aa status=refused reason=not_settled_or_ambiguous
summary imported=0 refused=7
attempt=8 settled_outcome_rows=0
== import attempt 9 at 2026-09-07T12:36:39+00:00 ==
outcome 0x0213816eee5880d29cc1bd9259d61b90e56c0f2473e93f488b972955c5c78310 status=refused reason=not_settled_or_ambiguous
outcome 0x2ae99c11faf758ba97414ff10450b9f66281a6c1224c177384b1f51b4e38e161 status=refused reason=not_settled_or_ambiguous
outcome 0x39e249908db6471fb0b1728fba135fdd4e607e03fabb02c0f8d2758fc0df64c0 status=refused reason=not_settled_or_ambiguous
outcome 0x3c16fd3f5a3e73deb74dd910e4d1240b2022c6a88a29358ea2f656b4e986ab2d status=refused reason=not_settled_or_ambiguous
outcome 0x50a3b9cc3922a6717dfa5a9c3af99cf1cb7906ed9045d4575456a0919a2fda7f status=refused reason=not_settled_or_ambiguous
outcome 0x7df506f0effb8146c9dbf987a751afabe83890d887dc9838e9dc6f0b13d814d0 status=refused reason=not_settled_or_ambiguous
outcome 0xccb8e90599bb683621459d301d8bbfa215c1b77f18c4210bcfcb43e1237ed8aa status=refused reason=not_settled_or_ambiguous
summary imported=0 refused=7
attempt=9 settled_outcome_rows=0
== import attempt 10 at 2026-09-07T13:06:44+00:00 ==
outcome 0x0213816eee5880d29cc1bd9259d61b90e56c0f2473e93f488b972955c5c78310 status=refused reason=not_settled_or_ambiguous
outcome 0x2ae99c11faf758ba97414ff10450b9f66281a6c1224c177384b1f51b4e38e161 status=refused reason=not_settled_or_ambiguous
outcome 0x39e249908db6471fb0b1728fba135fdd4e607e03fabb02c0f8d2758fc0df64c0 status=refused reason=not_settled_or_ambiguous
outcome 0x3c16fd3f5a3e73deb74dd910e4d1240b2022c6a88a29358ea2f656b4e986ab2d status=refused reason=not_settled_or_ambiguous
outcome 0x50a3b9cc3922a6717dfa5a9c3af99cf1cb7906ed9045d4575456a0919a2fda7f status=refused reason=not_settled_or_ambiguous
outcome 0x7df506f0effb8146c9dbf987a751afabe83890d887dc9838e9dc6f0b13d814d0 status=refused reason=not_settled_or_ambiguous
outcome 0xccb8e90599bb683621459d301d8bbfa215c1b77f18c4210bcfcb43e1237ed8aa status=refused reason=not_settled_or_ambiguous
summary imported=0 refused=7
attempt=10 settled_outcome_rows=0
== import attempt 11 at 2026-09-07T13:36:50+00:00 ==
outcome 0x0213816eee5880d29cc1bd9259d61b90e56c0f2473e93f488b972955c5c78310 status=refused reason=not_settled_or_ambiguous
outcome 0x2ae99c11faf758ba97414ff10450b9f66281a6c1224c177384b1f51b4e38e161 status=refused reason=not_settled_or_ambiguous
outcome 0x39e249908db6471fb0b1728fba135fdd4e607e03fabb02c0f8d2758fc0df64c0 status=refused reason=not_settled_or_ambiguous
outcome 0x3c16fd3f5a3e73deb74dd910e4d1240b2022c6a88a29358ea2f656b4e986ab2d status=refused reason=not_settled_or_ambiguous
outcome 0x50a3b9cc3922a6717dfa5a9c3af99cf1cb7906ed9045d4575456a0919a2fda7f status=refused reason=not_settled_or_ambiguous
outcome 0x7df506f0effb8146c9dbf987a751afabe83890d887dc9838e9dc6f0b13d814d0 status=refused reason=not_settled_or_ambiguous
outcome 0xccb8e90599bb683621459d301d8bbfa215c1b77f18c4210bcfcb43e1237ed8aa status=refused reason=not_settled_or_ambiguous
summary imported=0 refused=7
attempt=11 settled_outcome_rows=0
== import attempt 12 at 2026-09-07T14:06:54+00:00 ==
outcome 0x0213816eee5880d29cc1bd9259d61b90e56c0f2473e93f488b972955c5c78310 status=refused reason=not_settled_or_ambiguous
outcome 0x2ae99c11faf758ba97414ff10450b9f66281a6c1224c177384b1f51b4e38e161 status=refused reason=not_settled_or_ambiguous
outcome 0x39e249908db6471fb0b1728fba135fdd4e607e03fabb02c0f8d2758fc0df64c0 status=refused reason=not_settled_or_ambiguous
outcome 0x3c16fd3f5a3e73deb74dd910e4d1240b2022c6a88a29358ea2f656b4e986ab2d status=refused reason=not_settled_or_ambiguous
outcome 0x50a3b9cc3922a6717dfa5a9c3af99cf1cb7906ed9045d4575456a0919a2fda7f status=refused reason=not_settled_or_ambiguous
outcome 0x7df506f0effb8146c9dbf987a751afabe83890d887dc9838e9dc6f0b13d814d0 status=refused reason=not_settled_or_ambiguous
outcome 0xccb8e90599bb683621459d301d8bbfa215c1b77f18c4210bcfcb43e1237ed8aa status=refused reason=not_settled_or_ambiguous
summary imported=0 refused=7
attempt=12 settled_outcome_rows=0
== import attempt 13 at 2026-09-07T14:36:59+00:00 ==
outcome 0x0213816eee5880d29cc1bd9259d61b90e56c0f2473e93f488b972955c5c78310 status=refused reason=not_settled_or_ambiguous
outcome 0x2ae99c11faf758ba97414ff10450b9f66281a6c1224c177384b1f51b4e38e161 status=refused reason=not_settled_or_ambiguous
outcome 0x39e249908db6471fb0b1728fba135fdd4e607e03fabb02c0f8d2758fc0df64c0 status=refused reason=not_settled_or_ambiguous
outcome 0x3c16fd3f5a3e73deb74dd910e4d1240b2022c6a88a29358ea2f656b4e986ab2d status=refused reason=not_settled_or_ambiguous
outcome 0x50a3b9cc3922a6717dfa5a9c3af99cf1cb7906ed9045d4575456a0919a2fda7f status=refused reason=not_settled_or_ambiguous
outcome 0x7df506f0effb8146c9dbf987a751afabe83890d887dc9838e9dc6f0b13d814d0 status=refused reason=not_settled_or_ambiguous
outcome 0xccb8e90599bb683621459d301d8bbfa215c1b77f18c4210bcfcb43e1237ed8aa status=refused reason=not_settled_or_ambiguous
summary imported=0 refused=7
attempt=13 settled_outcome_rows=0
== import attempt 14 at 2026-09-07T15:07:04+00:00 ==
outcome 0x0213816eee5880d29cc1bd9259d61b90e56c0f2473e93f488b972955c5c78310 status=refused reason=not_settled_or_ambiguous
outcome 0x2ae99c11faf758ba97414ff10450b9f66281a6c1224c177384b1f51b4e38e161 status=refused reason=not_settled_or_ambiguous
outcome 0x39e249908db6471fb0b1728fba135fdd4e607e03fabb02c0f8d2758fc0df64c0 status=refused reason=not_settled_or_ambiguous
outcome 0x3c16fd3f5a3e73deb74dd910e4d1240b2022c6a88a29358ea2f656b4e986ab2d status=refused reason=not_settled_or_ambiguous
outcome 0x50a3b9cc3922a6717dfa5a9c3af99cf1cb7906ed9045d4575456a0919a2fda7f status=refused reason=not_settled_or_ambiguous
outcome 0x7df506f0effb8146c9dbf987a751afabe83890d887dc9838e9dc6f0b13d814d0 status=refused reason=not_settled_or_ambiguous
outcome 0xccb8e90599bb683621459d301d8bbfa215c1b77f18c4210bcfcb43e1237ed8aa status=refused reason=not_settled_or_ambiguous
summary imported=0 refused=7
attempt=14 settled_outcome_rows=0
== import attempt 15 at 2026-09-07T15:37:09+00:00 ==
outcome 0x0213816eee5880d29cc1bd9259d61b90e56c0f2473e93f488b972955c5c78310 status=refused reason=not_settled_or_ambiguous
outcome 0x2ae99c11faf758ba97414ff10450b9f66281a6c1224c177384b1f51b4e38e161 status=refused reason=not_settled_or_ambiguous
outcome 0x39e249908db6471fb0b1728fba135fdd4e607e03fabb02c0f8d2758fc0df64c0 status=refused reason=not_settled_or_ambiguous
outcome 0x3c16fd3f5a3e73deb74dd910e4d1240b2022c6a88a29358ea2f656b4e986ab2d status=refused reason=not_settled_or_ambiguous
outcome 0x50a3b9cc3922a6717dfa5a9c3af99cf1cb7906ed9045d4575456a0919a2fda7f status=refused reason=not_settled_or_ambiguous
outcome 0x7df506f0effb8146c9dbf987a751afabe83890d887dc9838e9dc6f0b13d814d0 status=refused reason=not_settled_or_ambiguous
outcome 0xccb8e90599bb683621459d301d8bbfa215c1b77f18c4210bcfcb43e1237ed8aa status=refused reason=not_settled_or_ambiguous
summary imported=0 refused=7
attempt=15 settled_outcome_rows=0
== import attempt 16 at 2026-09-07T16:07:14+00:00 ==
outcome 0x0213816eee5880d29cc1bd9259d61b90e56c0f2473e93f488b972955c5c78310 status=refused reason=not_settled_or_ambiguous
outcome 0x2ae99c11faf758ba97414ff10450b9f66281a6c1224c177384b1f51b4e38e161 status=refused reason=not_settled_or_ambiguous
outcome 0x39e249908db6471fb0b1728fba135fdd4e607e03fabb02c0f8d2758fc0df64c0 status=refused reason=not_settled_or_ambiguous
outcome 0x3c16fd3f5a3e73deb74dd910e4d1240b2022c6a88a29358ea2f656b4e986ab2d status=refused reason=not_settled_or_ambiguous
outcome 0x50a3b9cc3922a6717dfa5a9c3af99cf1cb7906ed9045d4575456a0919a2fda7f status=refused reason=not_settled_or_ambiguous
outcome 0x7df506f0effb8146c9dbf987a751afabe83890d887dc9838e9dc6f0b13d814d0 status=refused reason=not_settled_or_ambiguous
outcome 0xccb8e90599bb683621459d301d8bbfa215c1b77f18c4210bcfcb43e1237ed8aa status=refused reason=not_settled_or_ambiguous
summary imported=0 refused=7
attempt=16 settled_outcome_rows=0
== import attempt 17 at 2026-09-07T16:37:19+00:00 ==
outcome 0x0213816eee5880d29cc1bd9259d61b90e56c0f2473e93f488b972955c5c78310 status=refused reason=not_settled_or_ambiguous
outcome 0x2ae99c11faf758ba97414ff10450b9f66281a6c1224c177384b1f51b4e38e161 status=refused reason=not_settled_or_ambiguous
outcome 0x39e249908db6471fb0b1728fba135fdd4e607e03fabb02c0f8d2758fc0df64c0 status=refused reason=not_settled_or_ambiguous
outcome 0x3c16fd3f5a3e73deb74dd910e4d1240b2022c6a88a29358ea2f656b4e986ab2d status=refused reason=not_settled_or_ambiguous
outcome 0x50a3b9cc3922a6717dfa5a9c3af99cf1cb7906ed9045d4575456a0919a2fda7f status=refused reason=not_settled_or_ambiguous
outcome 0x7df506f0effb8146c9dbf987a751afabe83890d887dc9838e9dc6f0b13d814d0 status=refused reason=not_settled_or_ambiguous
outcome 0xccb8e90599bb683621459d301d8bbfa215c1b77f18c4210bcfcb43e1237ed8aa status=refused reason=not_settled_or_ambiguous
summary imported=0 refused=7
attempt=17 settled_outcome_rows=0
== import attempt 18 at 2026-09-07T17:07:24+00:00 ==
outcome 0x0213816eee5880d29cc1bd9259d61b90e56c0f2473e93f488b972955c5c78310 status=refused reason=not_settled_or_ambiguous
outcome 0x2ae99c11faf758ba97414ff10450b9f66281a6c1224c177384b1f51b4e38e161 status=refused reason=not_settled_or_ambiguous
outcome 0x39e249908db6471fb0b1728fba135fdd4e607e03fabb02c0f8d2758fc0df64c0 status=refused reason=not_settled_or_ambiguous
outcome 0x3c16fd3f5a3e73deb74dd910e4d1240b2022c6a88a29358ea2f656b4e986ab2d status=refused reason=not_settled_or_ambiguous
outcome 0x50a3b9cc3922a6717dfa5a9c3af99cf1cb7906ed9045d4575456a0919a2fda7f status=refused reason=not_settled_or_ambiguous
outcome 0x7df506f0effb8146c9dbf987a751afabe83890d887dc9838e9dc6f0b13d814d0 status=refused reason=not_settled_or_ambiguous
outcome 0xccb8e90599bb683621459d301d8bbfa215c1b77f18c4210bcfcb43e1237ed8aa status=refused reason=not_settled_or_ambiguous
summary imported=0 refused=7
attempt=18 settled_outcome_rows=0
== import attempt 19 at 2026-09-07T17:37:28+00:00 ==
outcome 0x0213816eee5880d29cc1bd9259d61b90e56c0f2473e93f488b972955c5c78310 status=refused reason=not_settled_or_ambiguous
outcome 0x2ae99c11faf758ba97414ff10450b9f66281a6c1224c177384b1f51b4e38e161 status=refused reason=not_settled_or_ambiguous
outcome 0x39e249908db6471fb0b1728fba135fdd4e607e03fabb02c0f8d2758fc0df64c0 status=refused reason=not_settled_or_ambiguous
outcome 0x3c16fd3f5a3e73deb74dd910e4d1240b2022c6a88a29358ea2f656b4e986ab2d status=refused reason=not_settled_or_ambiguous
outcome 0x50a3b9cc3922a6717dfa5a9c3af99cf1cb7906ed9045d4575456a0919a2fda7f status=refused reason=not_settled_or_ambiguous
outcome 0x7df506f0effb8146c9dbf987a751afabe83890d887dc9838e9dc6f0b13d814d0 status=refused reason=not_settled_or_ambiguous
outcome 0xccb8e90599bb683621459d301d8bbfa215c1b77f18c4210bcfcb43e1237ed8aa status=refused reason=not_settled_or_ambiguous
summary imported=0 refused=7
attempt=19 settled_outcome_rows=0
== import attempt 20 at 2026-09-07T18:07:32+00:00 ==
outcome 0x0213816eee5880d29cc1bd9259d61b90e56c0f2473e93f488b972955c5c78310 status=refused reason=not_settled_or_ambiguous
outcome 0x2ae99c11faf758ba97414ff10450b9f66281a6c1224c177384b1f51b4e38e161 status=refused reason=not_settled_or_ambiguous
outcome 0x39e249908db6471fb0b1728fba135fdd4e607e03fabb02c0f8d2758fc0df64c0 status=refused reason=not_settled_or_ambiguous
outcome 0x3c16fd3f5a3e73deb74dd910e4d1240b2022c6a88a29358ea2f656b4e986ab2d status=refused reason=not_settled_or_ambiguous
outcome 0x50a3b9cc3922a6717dfa5a9c3af99cf1cb7906ed9045d4575456a0919a2fda7f status=refused reason=not_settled_or_ambiguous
outcome 0x7df506f0effb8146c9dbf987a751afabe83890d887dc9838e9dc6f0b13d814d0 status=refused reason=not_settled_or_ambiguous
outcome 0xccb8e90599bb683621459d301d8bbfa215c1b77f18c4210bcfcb43e1237ed8aa status=refused reason=not_settled_or_ambiguous
summary imported=0 refused=7
attempt=20 settled_outcome_rows=0
no_verifiable_settlement_after_20_attempts
outcome 0x0213816eee5880d29cc1bd9259d61b90e56c0f2473e93f488b972955c5c78310 status=refused reason=not_settled_or_ambiguous
outcome 0x2ae99c11faf758ba97414ff10450b9f66281a6c1224c177384b1f51b4e38e161 status=refused reason=not_settled_or_ambiguous
outcome 0x39e249908db6471fb0b1728fba135fdd4e607e03fabb02c0f8d2758fc0df64c0 status=refused reason=not_settled_or_ambiguous
outcome 0x3c16fd3f5a3e73deb74dd910e4d1240b2022c6a88a29358ea2f656b4e986ab2d status=refused reason=not_settled_or_ambiguous
outcome 0x50a3b9cc3922a6717dfa5a9c3af99cf1cb7906ed9045d4575456a0919a2fda7f status=refused reason=not_settled_or_ambiguous
outcome 0x7df506f0effb8146c9dbf987a751afabe83890d887dc9838e9dc6f0b13d814d0 status=refused reason=not_settled_or_ambiguous
outcome 0xccb8e90599bb683621459d301d8bbfa215c1b77f18c4210bcfcb43e1237ed8aa status=refused reason=not_settled_or_ambiguous
summary imported=0 refused=7
